
> tradia-frontend-v1@0.1.0 build C:\Users\Hp\Documents\Github\Tradia
> npx next build

   Creating an optimized production build ...
 Γ£ô Compiled successfully
   Linting and checking validity of types ...
   Collecting page data ...
   Generating static pages (0/84) ...

   Generating static pages (21/84) 
node.exe : Failed to fetch trade summary: 
DynamicServerError: Dynamic server usage: Page couldn't be 
rendered statically because it used `headers`. See more 
info here: 
https://nextjs.org/docs/messages/dynamic-server-error
At C:\Program Files\nodejs\pnpm.ps1:16 char:5
+     & "$basedir/node$exe"  
"$basedir/node_modules/corepack/dist/pnpm. ...
+     ~~~~~~~~~~~~~~~~~~~~~~~~~~~~~~~~~~~~~~~~~~~~~~~~~~~~~
~~~~~~~~~~~~
    + CategoryInfo          : NotSpecified: (Failed to fet 
   ch...ic-server-error:String) [], RemoteException
    + FullyQualifiedErrorId : NativeCommandError
 
    at staticGenerationBailout (C:\Users\Hp\Documents\Githu
b\Tradia\.next\server\chunks\8405.js:1:1636)
    at headers (C:\Users\Hp\Documents\Github\Tradia\.next\s
erver\chunks\434.js:1:1147)
    at getServerSession (C:\Users\Hp\Documents\Github\Tradi
a\.next\server\chunks\763.js:30:19977)
    at GET (C:\Users\Hp\Documents\Github\Tradia\.next\serve
r\app\api\trades\summary\route.js:1:1237)
    at C:\Users\Hp\Documents\Github\Tradia\node_modules\.pn
pm\next@13.5.4_@babel+core@7.2_c41390bf5c3746ee148e28aa7fe8
9d95\node_modules\next\dist\compiled\next-server\app-route.
runtime.prod.js:14:39754
    at C:\Users\Hp\Documents\Github\Tradia\node_modules\.pn
pm\next@13.5.4_@babel+core@7.2_c41390bf5c3746ee148e28aa7fe8
9d95\node_modules\next\dist\server\lib\trace\tracer.js:117:
36
    at NoopContextManager.with (C:\Users\Hp\Documents\Githu
b\Tradia\node_modules\.pnpm\@opentelemetry+api@1.9.0\node_m
odules\@opentelemetry\api\build\src\context\NoopContextMana
ger.js:25:19)
    at ContextAPI.with (C:\Users\Hp\Documents\Github\Tradia
\node_modules\.pnpm\@opentelemetry+api@1.9.0\node_modules\@
opentelemetry\api\build\src\api\context.js:60:46)
    at NoopTracer.startActiveSpan (C:\Users\Hp\Documents\Gi
thub\Tradia\node_modules\.pnpm\@opentelemetry+api@1.9.0\nod
e_modules\@opentelemetry\api\build\src\trace\NoopTracer.js:
65:31)
    at ProxyTracer.startActiveSpan (C:\Users\Hp\Documents\G
ithub\Tradia\node_modules\.pnpm\@opentelemetry+api@1.9.0\no
de_modules\@opentelemetry\api\build\src\trace\ProxyTracer.j
s:36:24) {
  digest: 'DYNAMIC_SERVER_USAGE'
}

   Generating static pages (42/84) 
 ΓÜá Entire page /404 deopted into client-side rendering. h
ttps://nextjs.org/docs/messages/deopted-into-client-renderi
ng /404
 ΓÜá Entire page /about deopted into client-side 
rendering. https://nextjs.org/docs/messages/deopted-into-cl
ient-rendering /about
 ΓÜá Entire page /blog deopted into client-side rendering. 
https://nextjs.org/docs/messages/deopted-into-client-render
ing /blog
 ΓÜá Entire page /chat deopted into client-side rendering. 
https://nextjs.org/docs/messages/deopted-into-client-render
ing /chat
 ΓÜá Entire page /dashboard/analytics deopted into 
client-side rendering. https://nextjs.org/docs/messages/deo
pted-into-client-rendering /dashboard/analytics
 ΓÜá Entire page /checkout deopted into client-side 
rendering. https://nextjs.org/docs/messages/deopted-into-cl
ient-rendering /checkout
 ΓÜá Entire page /dashboard/billing deopted into 
client-side rendering. https://nextjs.org/docs/messages/deo
pted-into-client-rendering /dashboard/billing
 ΓÜá Entire page /check-email deopted into client-side 
rendering. https://nextjs.org/docs/messages/deopted-into-cl
ient-rendering /check-email
 ΓÜá Entire page /dashboard/position-sizing deopted into 
client-side rendering. https://nextjs.org/docs/messages/deo
pted-into-client-rendering /dashboard/position-sizing
 ΓÜá Entire page /dashboard/profile deopted into 
client-side rendering. https://nextjs.org/docs/messages/deo
pted-into-client-rendering /dashboard/profile
 ΓÜá Entire page /contact deopted into client-side 
rendering. https://nextjs.org/docs/messages/deopted-into-cl
ient-rendering /contact
 ΓÜá Entire page /dashboard/reporting deopted into 
client-side rendering. https://nextjs.org/docs/messages/deo
pted-into-client-rendering /dashboard/reporting
 ΓÜá Entire page /dashboard/settings deopted into 
client-side rendering. https://nextjs.org/docs/messages/deo
pted-into-client-rendering /dashboard/settings
 ΓÜá Entire page /dashboard/risk-management deopted into 
client-side rendering. https://nextjs.org/docs/messages/deo
pted-into-client-rendering /dashboard/risk-management
 ΓÜá Entire page /dashboard/trade-analytics deopted into 
client-side rendering. https://nextjs.org/docs/messages/deo
pted-into-client-rendering /dashboard/trade-analytics

   Generating static pages (63/84) 
 ΓÜá Entire page /dashboard/trade-history deopted into 
client-side rendering. https://nextjs.org/docs/messages/deo
pted-into-client-rendering /dashboard/trade-history
 ΓÜá Entire page /dashboard/trade-education deopted into 
client-side rendering. https://nextjs.org/docs/messages/deo
pted-into-client-rendering /dashboard/trade-education
 ΓÜá Entire page /dashboard/trade-planner deopted into 
client-side rendering. https://nextjs.org/docs/messages/deo
pted-into-client-rendering /dashboard/trade-planner
 ΓÜá Entire page /dashboard/user-analytics deopted into 
client-side rendering. https://nextjs.org/docs/messages/deo
pted-into-client-rendering /dashboard/user-analytics
 ΓÜá Entire page /forgot-password deopted into client-side 
rendering. https://nextjs.org/docs/messages/deopted-into-cl
ient-rendering /forgot-password
 ΓÜá Entire page /dashboard deopted into client-side 
rendering. https://nextjs.org/docs/messages/deopted-into-cl
ient-rendering /dashboard
 ΓÜá Entire page /dashboard/trade-journal deopted into 
client-side rendering. https://nextjs.org/docs/messages/deo
pted-into-client-rendering /dashboard/trade-journal
 ΓÜá Entire page / deopted into client-side rendering. http
s://nextjs.org/docs/messages/deopted-into-client-rendering 
/
 ΓÜá Entire page /login deopted into client-side 
rendering. https://nextjs.org/docs/messages/deopted-into-cl
ient-rendering /login
 ΓÜá Entire page /privacy deopted into client-side 
rendering. https://nextjs.org/docs/messages/deopted-into-cl
ient-rendering /privacy
 ΓÜá Entire page /resend-verification deopted into 
client-side rendering. https://nextjs.org/docs/messages/deo
pted-into-client-rendering /resend-verification
 ΓÜá Entire page /reset-password deopted into client-side 
rendering. https://nextjs.org/docs/messages/deopted-into-cl
ient-rendering /reset-password
 ΓÜá Entire page /dashboard/tradia-predict deopted into 
client-side rendering. https://nextjs.org/docs/messages/deo
pted-into-client-rendering /dashboard/tradia-predict
 ΓÜá Entire page /signup deopted into client-side 
rendering. https://nextjs.org/docs/messages/deopted-into-cl
ient-rendering /signup
 ΓÜá Entire page /terms deopted into client-side 
rendering. https://nextjs.org/docs/messages/deopted-into-cl
ient-rendering /terms
 ΓÜá Entire page /upgrade deopted into client-side 
rendering. https://nextjs.org/docs/messages/deopted-into-cl
ient-rendering /upgrade
 ΓÜá Entire page /tradia-predict deopted into client-side 
rendering. https://nextjs.org/docs/messages/deopted-into-cl
ient-rendering /tradia-predict
 ΓÜá Entire page /verify-email deopted into client-side 
rendering. https://nextjs.org/docs/messages/deopted-into-cl
ient-rendering /verify-email
 ΓÜá Entire page /verify-email/failed deopted into 
client-side rendering. https://nextjs.org/docs/messages/deo
pted-into-client-rendering /verify-email/failed
 ΓÜá Entire page /verify-email/success deopted into 
client-side rendering. https://nextjs.org/docs/messages/deo
pted-into-client-rendering /verify-email/success
 ΓÜá Entire page /pricing deopted into client-side 
rendering. https://nextjs.org/docs/messages/deopted-into-cl
ient-rendering /pricing

 Γ£ô Generating static pages (84/84) 
   Finalizing page optimization ...
   Collecting build traces ...

Route (app)                                Size     First Load JS
Γöî Γùï /                                      8.42 kB         160 kB
Γö£ Γùï /_not-found                            885 B          81.8 kB
Γö£ Γùï /about                                 884 B           153 kB
Γö£ ╬╗ /api/ai/voice                          0 B                0 B
Γö£ ╬╗ /api/analytics/activity/recent         0 B                0 B
Γö£ ╬╗ /api/analytics/track                   0 B                0 B
Γö£ ╬╗ /api/analytics/user-stats              0 B                0 B
Γö£ ╬╗ /api/auth/[...nextauth]                0 B                0 B
Γö£ ╬╗ /api/auth/change-password              0 B                0 B
Γö£ ╬╗ /api/auth/forgot-password              0 B                0 B
Γö£ ╬╗ /api/auth/login                        0 B                0 B
Γö£ ╬╗ /api/auth/refresh                      0 B                0 B
Γö£ ╬╗ /api/auth/resend-verification          0 B                0 B
Γö£ ╬╗ /api/auth/reset-password               0 B                0 B
Γö£ ╬╗ /api/auth/signup                       0 B                0 B
Γö£ ╬╗ /api/auth/verify-email                 0 B                0 B
Γö£ ╬╗ /api/broker/preference                 0 B                0 B
Γö£ ╬╗ /api/chat                              0 B                0 B
Γö£ ╬╗ /api/coach/points                      0 B                0 B
Γö£ ╬╗ /api/coach/weekly-email                0 B                0 B
Γö£ ╬╗ /api/conversations                     0 B                0 B
Γö£ ╬╗ /api/conversations/[id]                0 B                0 B
Γö£ ╬╗ /api/feedback                          0 B                0 B
Γö£ ╬╗ /api/marketing/leads                   0 B                0 B
Γö£ ╬╗ /api/marketing/subscribe               0 B                0 B
Γö£ ╬╗ /api/payments/create-checkout          0 B                0 B
Γö£ ╬╗ /api/payments/subscriptions            0 B                0 B
Γö£ ╬╗ /api/payments/verify                   0 B                0 B
Γö£ ╬╗ /api/payments/webhook                  0 B                0 B
Γö£ ╬╗ /api/payments/webhook/flutterwave      0 B                0 B
Γö£ ╬╗ /api/predict                           0 B                0 B
Γö£ ╬╗ /api/trade-plans                       0 B                0 B
Γö£ ╬╗ /api/trades                            0 B                0 B
Γö£ ╬╗ /api/trades/import                     0 B                0 B
Γö£ ╬╗ /api/trades/select                     0 B                0 B
Γö£ ╬╗ /api/trades/summary                    0 B                0 B
Γö£ ╬╗ /api/tradia/ai                         0 B                0 B
Γö£ ╬╗ /api/trading-accounts                  0 B                0 B
Γö£ ╬╗ /api/tv/alert-optimize                 0 B                0 B
Γö£ ╬╗ /api/tv/backtest-sim                   0 B                0 B
Γö£ ╬╗ /api/tv/execute-trade                  0 B                0 B
Γö£ ╬╗ /api/tv/import                         0 B                0 B
Γö£ ╬╗ /api/tv/pattern-scan                   0 B                0 B
Γö£ ╬╗ /api/tv/screener-refine                0 B                0 B
Γö£ ╬╗ /api/tv/usage                          0 B                0 B
Γö£ ╬╗ /api/user/plan                         0 B                0 B
Γö£ ╬╗ /api/user/profile                      0 B                0 B
Γö£ ╬╗ /api/user/settings                     0 B                0 B
Γö£ Γùï /api/user/trial-status                 0 B                0 B
Γö£ ╬╗ /api/user/trial/activate               0 B                0 B
Γö£ ╬╗ /api/user/trial/cancel                 0 B                0 B
Γö£ ╬╗ /api/user/update                       0 B                0 B
Γö£ ╬╗ /api/user/upload-avatar                0 B                0 B
Γö£ ╬╗ /api/verify-email                      0 B                0 B
Γö£ Γùï /blog                                  180 B          88.1 kB
Γö£ ╬╗ /blog/[slug]                           398 B          81.3 kB
Γö£ Γùï /chat                                  50.7 kB         141 kB
Γö£ Γùï /check-email                           1.85 kB         152 kB
Γö£ Γùï /checkout                              6.88 kB        98.7 kB
Γö£ Γùï /contact                               1.55 kB         151 kB
Γö£ Γùï /dashboard                             51.7 kB         723 kB
Γö£ Γùï /dashboard/analytics                   1.42 kB         156 kB
Γö£ Γùï /dashboard/billing                     5.5 kB         97.3 kB
Γö£ Γùï /dashboard/position-sizing             5.49 kB         219 kB
Γö£ Γùï /dashboard/profile                     4.92 kB         156 kB
Γö£ Γùï /dashboard/reporting                   12.7 kB         221 kB
Γö£ Γùï /dashboard/risk-management             11.4 kB         323 kB
Γö£ Γùï /dashboard/settings                    7.46 kB         165 kB
Γö£ Γùï /dashboard/trade-analytics             3.88 kB         508 kB
Γö£ Γùï /dashboard/trade-education             8.12 kB         203 kB
Γö£ Γùï /dashboard/trade-history               4.68 kB         403 kB
Γö£ Γùï /dashboard/trade-journal               2.85 kB         322 kB
Γö£ Γùï /dashboard/trade-planner               4.1 kB          214 kB
Γö£ Γùï /dashboard/tradia-predict              13.8 kB         279 kB
Γö£ Γùï /dashboard/user-analytics              4.38 kB         202 kB
Γö£ Γùï /forgot-password                       2.36 kB         152 kB
Γö£ Γùï /login                                 4.04 kB         142 kB
Γö£ Γùï /pricing                               5.87 kB         158 kB
Γö£ Γùï /privacy                               1.54 kB         151 kB
Γö£ Γùï /resend-verification                   1.98 kB         152 kB
Γö£ Γùï /reset-password                        2.19 kB         152 kB
Γö£ Γùï /robots.txt                            0 B                0 B
Γö£ Γùï /signup                                6.19 kB         144 kB
Γö£ Γùï /terms                                 1.54 kB         151 kB
Γö£ Γùï /tradia-predict                        15.7 kB         229 kB
Γö£ Γùï /upgrade                               6.09 kB         191 kB
Γö£ Γùï /verify-email                          1.22 kB        82.1 kB
Γö£ Γùï /verify-email/failed                   1.85 kB         152 kB
Γöö Γùï /verify-email/success                  1.51 kB         151 kB
+ First Load JS shared by all              80.9 kB
  Γö£ chunks/6299-b593e0f1aa627b28.js        27.6 kB
  Γö£ chunks/ec269f89-69d175cecf34e9ff.js    51.1 kB
  Γö£ chunks/main-app-f2c07abbc754cc17.js    239 B
  Γöö chunks/webpack-c7a1766d9fa9e356.js     1.91 kB

Route (pages)                              Size     First Load JS
Γöî Γùï /__noop_manifest                       247 B          80.9 kB
Γö£ ╬╗ /api/auth/logout                       0 B            80.6 kB
Γöö ╬╗ /api/upload                            0 B            80.6 kB
+ First Load JS shared by all              80.6 kB
  Γö£ chunks/framework-c013c33d9d0b07c5.js   45.2 kB
  Γö£ chunks/main-797e9c82925ad7df.js        33.3 kB
  Γö£ chunks/pages/_app-58e44b5fb19833b6.js  210 B
  Γöö chunks/webpack-c7a1766d9fa9e356.js     1.91 kB

╬╗  (Server)  server-side renders at runtime (uses getInitialProps or getServerSideProps)
Γùï  (Static)  automatically rendered as static HTML (uses no initial props)

